---
http_interactions:
- request:
    method: get
    uri: http://ohanapi.herokuapp.com/api/search?action=index&api_token=<API_TOKEN>&controller=organizations&keyword=maceo&utf8=?
    body:
      encoding: US-ASCII
      string: ''
    headers:
      Accept:
      - application/vnd.ohanapi-v1+json
      User-Agent:
      - Ohanakapa Ruby Gem 1.0.0
      X-Api-Token:
      - <API_TOKEN>
      Accept-Encoding:
      - gzip;q=1.0,deflate;q=0.6,identity;q=0.3
  response:
    status:
      code: 200
      message: OK
    headers:
      Cache-Control:
      - max-age=0, private, must-revalidate
      Content-Type:
      - application/json
      Date:
      - Sat, 07 Dec 2013 00:06:39 GMT
      Etag:
      - '"f4d4a125e28ef91ca71da56a6c66e3ae"'
      Server:
      - nginx/1.4.3 + Phusion Passenger 4.0.23
      Status:
      - 200 OK
      X-Current-Page:
      - '1'
      X-Powered-By:
      - Phusion Passenger 4.0.23
      X-Rack-Cache:
      - miss
      X-Request-Id:
      - 6f6a703932c72551fe19381bfc0a660a
      X-Runtime:
      - '0.068497'
      X-Total-Count:
      - '1'
      X-Total-Pages:
      - '1'
      X-Ua-Compatible:
      - IE=Edge,chrome=1
      Content-Length:
      - '6621'
      Connection:
      - keep-alive
    body:
      encoding: UTF-8
      string: '[{"_id":"521d33a01974fcdb2b0026a9","_slugs":["san-maceo-agency"],"accessibility":["Disabled
        Parking","Disabled Restroom","Wheelchair"],"address":{"city":"Burlington","state":"VT","street":"2013
        Avenue of the fellows, Suite 100","zip":"05201"},"ask_for":["James Brown","Dawn
        of Midi"],"contacts":[{"_id":"5225485915e87254b8000003","name":"Suzanne Badenhoop","title":"Board
        President"}],"coordinates":[-73.111356,42.8918357],"created_at":"2013-08-27T16:17:51-07:00","description":"[NOTE
        THIS IS NOT A REAL ORGANIZATION--THIS IS FOR TESTING PURPOSES OF THIS ALPHA
        APP] Lorem ipsum dolor sit amet, consectetur adipiscing elit. Praesent suscipit
        metus eu orci lobortis dictum. In hac habitasse platea dictumst. Vivamus vulputate,
        neque ut sodales gravida, lorem nunc pharetra ligula, ac cursus sem justo
        a sapien. Duis vitae vestibulum magna. Sed vel augue in justo rhoncus viverra.
        Nam ac felis a purus lobortis porttitor sit amet quis est. Suspendisse vulputate
        nisl quis nisi fermentum aliquet euismod at augue. Sed ultricies, purus dapibus
        tristique dictum, tortor mauris porttitor nulla, at porta nisl sem sed dolor.
        Proin ac hendrerit erat. Duis porta iaculis orci, eu euismod quam tristique
        in. Phasellus nec purus sit amet sapien volutpat egestas.","emails":["sanmaceo@co.sanmaceo.ca.us","maceo@parker.com"],"faxes":[{"number":"650
        627-8244"}],"hours":"Monday-Friday, 8-5; Saturday, 10-6; Sunday 11-5","kind":"Test","languages":["Chinese
        (Cantonese)","Chinese (Taiwanese)","Filipino (Tagalog)","Russian","Spanish"],"mail_address":{"attention":"Hella
        Fellas","city":"San Maceo","state":"VT","street":"2013 Avenue of the fellows,
        Suite 100","zip":"90210"},"market_match":true,"name":"San Maceo Agency","payments_accepted":["WIC","SFMNP","SNAP"],"phones":[{"number":"650
        372-6200","hours":"(Monday-Friday, 8-5)","department":"Information","type":"TTY"},{"number":"650
        372-6200","phone_hours":"(Monday-Friday, 8-5)","department":"Reservations"}],"products_sold":["Baked
        Goods","Flowers","Herbs","Vegetables","Jams","Nuts","Prepared Food"],"short_desc":"[NOTE
        THIS IS NOT A REAL ENTRY--THIS IS FOR TESTING PURPOSES OF THIS ALPHA APP]","transportation":"SAMTRANS
        stops within 1 block","updated_at":"2013-11-07T12:44:56-08:00","urls":["http://www.smchealth.org","http://www.example.com","http://www.example2.com"],"url":"http://ohanapi.herokuapp.com/api/locations/521d33a01974fcdb2b0026a9","services":[{"_id":"521d339f1974fcdb2b00273e","audience":"Profit
        and nonprofit businesses, the public, military facilities, schools and government
        entities","description":"[NOTE THIS IS NOT A REAL ORGANIZATION--THIS IS FOR
        TESTTING PURPOSES OF THIS ALPHA APP] Lorem ipsum dolor sit amet, consectetur
        adipiscing elit. Praesent suscipit metus eu orci lobortis dictum. In hac habitasse
        platea dictumst. Vivamus vulputate, neque ut sodales gravida, lorem nunc pharetra
        ligula, ac cursus sem justo a sapien. Duis vitae vestibulum magna. Sed vel
        augue in justo rhoncus viverra. Nam ac felis a purus lobortis porttitor sit
        amet quis est. Suspendisse vulputate nisl quis nisi fermentum aliquet euismod
        at augue. Sed ultricies, purus dapibus tristique dictum, tortor mauris porttitor
        nulla, at porta nisl sem sed dolor. Proin ac hendrerit erat. Duis porta iaculis
        orci, eu euismod quam tristique in. Phasellus nec purus sit amet sapien volutpat
        egestas.","eligibility":"None","fees":"None, except for permits and photocopying.
        Cash, checks and credit cards accepted","funding_sources":["City","County","Federal","State"],"hours":"Monday-Friday,
        8-5; Saturday, 10-6; Sunday 11-5","how_to_apply":"Walk in or apply by phone
        or mail","keywords":["Ruby on Rails/MongoDB/Redis","FIFA World Cup"],"name":"bazfoo","service_areas":["San
        Mateo County","Alameda County","Contra Costa County","Marin County","San Francisco
        County","Santa Clara County"],"updated_at":"2013-10-14T14:51:24-07:00","urls":["http://www.smchealth.org","http://www.example.com","http://www.example2.com"],"wait":"No
        wait to 2 weeks","categories":[{"_id":"52280f7a1edd37edff000137","depth":0,"lft":621,"name":"Legal","oe_id":"111","parent_id":null,"rgt":654},{"_id":"52280f7b1edd37edff000144","depth":1,"lft":646,"name":"Mediation","oe_id":"111-02","parent_id":"52280f7a1edd37edff000137","rgt":647}]},{"_id":"521d339f1974fcdb2b00373e","audience":"Second
        service and nonprofit businesses, the public, military facilities, schools
        and government entities","description":"[NOTE THIS IS NOT A REAL ORGANIZATION--THIS
        IS FOR TESTTING PURPOSES OF THIS ALPHA APP] Lorem ipsum dolor sit amet, consectetur
        adipiscing elit. Praesent suscipit metus eu orci lobortis dictum. In hac habitasse
        platea dictumst. Vivamus vulputate, neque ut sodales gravida, lorem nunc pharetra
        ligula, ac cursus sem justo a sapien. Duis vitae vestibulum magna. Sed vel
        augue in justo rhoncus viverra. Nam ac felis a purus lobortis porttitor sit
        amet quis est. Suspendisse vulputate nisl quis nisi fermentum aliquet euismod
        at augue. Sed ultricies, purus dapibus tristique dictum, tortor mauris porttitor
        nulla, at porta nisl sem sed dolor. Proin ac hendrerit erat. Duis porta iaculis
        orci, eu euismod quam tristique in. Phasellus nec purus sit amet sapien volutpat
        egestas.","eligibility":"None","fees":"None, except for permits and photocopying.
        Cash, checks and credit cards accepted","funding_sources":["City","County","Federal","State"],"hours":"Monday-Friday,
        10-2","how_to_apply":"Walk in or apply by phone or mail","keywords":["Ruby
        on Rails/MongoDB/Redis","FIFA World Cup"],"name":"hasdfasf","service_areas":["San
        Mateo County","Alameda County","Contra Costa County","Marin County","San Francisco
        County","Santa Clara County"],"updated_at":"2013-10-14T14:45:43-07:00","urls":["http://www.example.com","http://www.example2.com"],"wait":"No
        wait to 2 weeks","categories":[{"_id":"52280f7a1edd37edff000137","depth":0,"lft":621,"name":"Legal","oe_id":"111","parent_id":null,"rgt":654},{"_id":"52280f7b1edd37edff000144","depth":1,"lft":646,"name":"Mediation","oe_id":"111-02","parent_id":"52280f7a1edd37edff000137","rgt":647}]}],"organization":{"_id":"521d339f1974fcdb2b00273d","_slugs":["sanmaceo-example-agency"],"created_at":"2013-08-27T16:17:51-07:00","name":"SanMaceo
        Example Agency.","updated_at":"2013-10-01T12:18:53-07:00","url":"http://ohanapi.herokuapp.com/api/organizations/521d339f1974fcdb2b00273d","locations_url":"http://ohanapi.herokuapp.com/api/organizations/521d339f1974fcdb2b00273d/locations"},"slugs":["san-maceo-agency"],"id":"521d33a01974fcdb2b0026a9","_score":0.07124143,"_type":"location","_index":"production-ohana_api","_version":null,"sort":null,"highlight":null,"_explanation":null}]'
    http_version: 
  recorded_at: Sat, 07 Dec 2013 00:06:39 GMT
- request:
    method: get
    uri: http://ohanapi.herokuapp.com/api/locations/san-maceo-agency?api_token=<API_TOKEN>
    body:
      encoding: US-ASCII
      string: ''
    headers:
      Accept:
      - application/vnd.ohanapi-v1+json
      User-Agent:
      - Ohanakapa Ruby Gem 1.0.0
      X-Api-Token:
      - <API_TOKEN>
      Accept-Encoding:
      - gzip;q=1.0,deflate;q=0.6,identity;q=0.3
  response:
    status:
      code: 200
      message: OK
    headers:
      Cache-Control:
      - max-age=0, private, must-revalidate
      Content-Type:
      - application/json
      Date:
      - Sat, 07 Dec 2013 00:06:41 GMT
      Etag:
      - '"23b4326432131717bb68a2e131412bec"'
      Server:
      - nginx/1.4.3 + Phusion Passenger 4.0.23
      Status:
      - 200 OK
      X-Powered-By:
      - Phusion Passenger 4.0.23
      X-Rack-Cache:
      - miss
      X-Request-Id:
      - 92eeefa749ab1e254394c92c519eb35e
      X-Runtime:
      - '0.066441'
      X-Ua-Compatible:
      - IE=Edge,chrome=1
      Content-Length:
      - '5964'
      Connection:
      - keep-alive
    body:
      encoding: UTF-8
      string: '{"id":"521d33a01974fcdb2b0026a9","accessibility":["Disabled Parking","Disabled
        Restroom","Wheelchair"],"address":{"street":"2013 Avenue of the fellows, Suite
        100","city":"Burlington","state":"VT","zip":"05201"},"ask_for":["James Brown","Dawn
        of Midi"],"contacts":[{"id":"5225485915e87254b8000003","name":"Suzanne Badenhoop","title":"Board
        President"}],"coordinates":[-73.111356,42.8918357],"description":"[NOTE THIS
        IS NOT A REAL ORGANIZATION--THIS IS FOR TESTING PURPOSES OF THIS ALPHA APP]
        Lorem ipsum dolor sit amet, consectetur adipiscing elit. Praesent suscipit
        metus eu orci lobortis dictum. In hac habitasse platea dictumst. Vivamus vulputate,
        neque ut sodales gravida, lorem nunc pharetra ligula, ac cursus sem justo
        a sapien. Duis vitae vestibulum magna. Sed vel augue in justo rhoncus viverra.
        Nam ac felis a purus lobortis porttitor sit amet quis est. Suspendisse vulputate
        nisl quis nisi fermentum aliquet euismod at augue. Sed ultricies, purus dapibus
        tristique dictum, tortor mauris porttitor nulla, at porta nisl sem sed dolor.
        Proin ac hendrerit erat. Duis porta iaculis orci, eu euismod quam tristique
        in. Phasellus nec purus sit amet sapien volutpat egestas.","emails":["sanmaceo@co.sanmaceo.ca.us","maceo@parker.com"],"faxes":[{"number":"650
        627-8244"}],"hours":"Monday-Friday, 8-5; Saturday, 10-6; Sunday 11-5","kind":"Test","languages":["Chinese
        (Cantonese)","Chinese (Taiwanese)","Filipino (Tagalog)","Russian","Spanish"],"mail_address":{"attention":"Hella
        Fellas","street":"2013 Avenue of the fellows, Suite 100","city":"San Maceo","state":"VT","zip":"90210"},"name":"San
        Maceo Agency","phones":[{"number":"650 372-6200","hours":"(Monday-Friday,
        8-5)","department":"Information","type":"TTY"},{"number":"650 372-6200","phone_hours":"(Monday-Friday,
        8-5)","department":"Reservations"}],"short_desc":"[NOTE THIS IS NOT A REAL
        ENTRY--THIS IS FOR TESTING PURPOSES OF THIS ALPHA APP]","slugs":["san-maceo-agency"],"transportation":"SAMTRANS
        stops within 1 block","updated_at":"2013-11-07T12:44:56-08:00","urls":["http://www.smchealth.org","http://www.example.com","http://www.example2.com"],"url":"http://ohanapi.herokuapp.com/api/locations/521d33a01974fcdb2b0026a9","services":[{"id":"521d339f1974fcdb2b00273e","audience":"Profit
        and nonprofit businesses, the public, military facilities, schools and government
        entities","description":"[NOTE THIS IS NOT A REAL ORGANIZATION--THIS IS FOR
        TESTTING PURPOSES OF THIS ALPHA APP] Lorem ipsum dolor sit amet, consectetur
        adipiscing elit. Praesent suscipit metus eu orci lobortis dictum. In hac habitasse
        platea dictumst. Vivamus vulputate, neque ut sodales gravida, lorem nunc pharetra
        ligula, ac cursus sem justo a sapien. Duis vitae vestibulum magna. Sed vel
        augue in justo rhoncus viverra. Nam ac felis a purus lobortis porttitor sit
        amet quis est. Suspendisse vulputate nisl quis nisi fermentum aliquet euismod
        at augue. Sed ultricies, purus dapibus tristique dictum, tortor mauris porttitor
        nulla, at porta nisl sem sed dolor. Proin ac hendrerit erat. Duis porta iaculis
        orci, eu euismod quam tristique in. Phasellus nec purus sit amet sapien volutpat
        egestas.","eligibility":"None","fees":"None, except for permits and photocopying.
        Cash, checks and credit cards accepted","funding_sources":["City","County","Federal","State"],"keywords":["Ruby
        on Rails/MongoDB/Redis","FIFA World Cup"],"categories":[{"id":"52280f7a1edd37edff000137","depth":0,"oe_id":"111","name":"Legal","parent_id":null},{"id":"52280f7b1edd37edff000144","depth":1,"oe_id":"111-02","name":"Mediation","parent_id":"52280f7a1edd37edff000137"}],"how_to_apply":"Walk
        in or apply by phone or mail","name":"bazfoo","service_areas":["San Mateo
        County","Alameda County","Contra Costa County","Marin County","San Francisco
        County","Santa Clara County"],"urls":["http://www.smchealth.org","http://www.example.com","http://www.example2.com"],"wait":"No
        wait to 2 weeks","updated_at":"2013-10-14T14:51:24-07:00"},{"id":"521d339f1974fcdb2b00373e","audience":"Second
        service and nonprofit businesses, the public, military facilities, schools
        and government entities","description":"[NOTE THIS IS NOT A REAL ORGANIZATION--THIS
        IS FOR TESTTING PURPOSES OF THIS ALPHA APP] Lorem ipsum dolor sit amet, consectetur
        adipiscing elit. Praesent suscipit metus eu orci lobortis dictum. In hac habitasse
        platea dictumst. Vivamus vulputate, neque ut sodales gravida, lorem nunc pharetra
        ligula, ac cursus sem justo a sapien. Duis vitae vestibulum magna. Sed vel
        augue in justo rhoncus viverra. Nam ac felis a purus lobortis porttitor sit
        amet quis est. Suspendisse vulputate nisl quis nisi fermentum aliquet euismod
        at augue. Sed ultricies, purus dapibus tristique dictum, tortor mauris porttitor
        nulla, at porta nisl sem sed dolor. Proin ac hendrerit erat. Duis porta iaculis
        orci, eu euismod quam tristique in. Phasellus nec purus sit amet sapien volutpat
        egestas.","eligibility":"None","fees":"None, except for permits and photocopying.
        Cash, checks and credit cards accepted","funding_sources":["City","County","Federal","State"],"keywords":["Ruby
        on Rails/MongoDB/Redis","FIFA World Cup"],"categories":[{"id":"52280f7a1edd37edff000137","depth":0,"oe_id":"111","name":"Legal","parent_id":null},{"id":"52280f7b1edd37edff000144","depth":1,"oe_id":"111-02","name":"Mediation","parent_id":"52280f7a1edd37edff000137"}],"how_to_apply":"Walk
        in or apply by phone or mail","name":"hasdfasf","service_areas":["San Mateo
        County","Alameda County","Contra Costa County","Marin County","San Francisco
        County","Santa Clara County"],"urls":["http://www.example.com","http://www.example2.com"],"wait":"No
        wait to 2 weeks","updated_at":"2013-10-14T14:45:43-07:00"}],"organization":{"id":"521d339f1974fcdb2b00273d","name":"SanMaceo
        Example Agency.","slugs":["sanmaceo-example-agency"],"url":"http://ohanapi.herokuapp.com/api/organizations/521d339f1974fcdb2b00273d","locations_url":"http://ohanapi.herokuapp.com/api/organizations/521d339f1974fcdb2b00273d/locations"}}'
    http_version: 
  recorded_at: Sat, 07 Dec 2013 00:06:41 GMT
- request:
    method: get
    uri: http://ohanapi.herokuapp.com/api/locations/san-maceo-agency?api_token=<API_TOKEN>
    body:
      encoding: US-ASCII
      string: ''
    headers:
      Accept:
      - application/vnd.ohanapi-v1+json
      User-Agent:
      - Ohanakapa Ruby Gem 1.0.0
      X-Api-Token:
      - <API_TOKEN>
      Accept-Encoding:
      - gzip;q=1.0,deflate;q=0.6,identity;q=0.3
  response:
    status:
      code: 200
      message: OK
    headers:
      Cache-Control:
      - max-age=0, private, must-revalidate
      Content-Type:
      - application/json
      Date:
      - Sat, 07 Dec 2013 00:06:42 GMT
      Etag:
      - '"23b4326432131717bb68a2e131412bec"'
      Server:
      - nginx/1.4.3 + Phusion Passenger 4.0.23
      Status:
      - 200 OK
      X-Powered-By:
      - Phusion Passenger 4.0.23
      X-Rack-Cache:
      - miss
      X-Request-Id:
      - 51913aa77291045b74d8e4b5aa5ad1ec
      X-Runtime:
      - '0.173475'
      X-Ua-Compatible:
      - IE=Edge,chrome=1
      Content-Length:
      - '5964'
      Connection:
      - keep-alive
    body:
      encoding: UTF-8
      string: '{"id":"521d33a01974fcdb2b0026a9","accessibility":["Disabled Parking","Disabled
        Restroom","Wheelchair"],"address":{"street":"2013 Avenue of the fellows, Suite
        100","city":"Burlington","state":"VT","zip":"05201"},"ask_for":["James Brown","Dawn
        of Midi"],"contacts":[{"id":"5225485915e87254b8000003","name":"Suzanne Badenhoop","title":"Board
        President"}],"coordinates":[-73.111356,42.8918357],"description":"[NOTE THIS
        IS NOT A REAL ORGANIZATION--THIS IS FOR TESTING PURPOSES OF THIS ALPHA APP]
        Lorem ipsum dolor sit amet, consectetur adipiscing elit. Praesent suscipit
        metus eu orci lobortis dictum. In hac habitasse platea dictumst. Vivamus vulputate,
        neque ut sodales gravida, lorem nunc pharetra ligula, ac cursus sem justo
        a sapien. Duis vitae vestibulum magna. Sed vel augue in justo rhoncus viverra.
        Nam ac felis a purus lobortis porttitor sit amet quis est. Suspendisse vulputate
        nisl quis nisi fermentum aliquet euismod at augue. Sed ultricies, purus dapibus
        tristique dictum, tortor mauris porttitor nulla, at porta nisl sem sed dolor.
        Proin ac hendrerit erat. Duis porta iaculis orci, eu euismod quam tristique
        in. Phasellus nec purus sit amet sapien volutpat egestas.","emails":["sanmaceo@co.sanmaceo.ca.us","maceo@parker.com"],"faxes":[{"number":"650
        627-8244"}],"hours":"Monday-Friday, 8-5; Saturday, 10-6; Sunday 11-5","kind":"Test","languages":["Chinese
        (Cantonese)","Chinese (Taiwanese)","Filipino (Tagalog)","Russian","Spanish"],"mail_address":{"attention":"Hella
        Fellas","street":"2013 Avenue of the fellows, Suite 100","city":"San Maceo","state":"VT","zip":"90210"},"name":"San
        Maceo Agency","phones":[{"number":"650 372-6200","hours":"(Monday-Friday,
        8-5)","department":"Information","type":"TTY"},{"number":"650 372-6200","phone_hours":"(Monday-Friday,
        8-5)","department":"Reservations"}],"short_desc":"[NOTE THIS IS NOT A REAL
        ENTRY--THIS IS FOR TESTING PURPOSES OF THIS ALPHA APP]","slugs":["san-maceo-agency"],"transportation":"SAMTRANS
        stops within 1 block","updated_at":"2013-11-07T12:44:56-08:00","urls":["http://www.smchealth.org","http://www.example.com","http://www.example2.com"],"url":"http://ohanapi.herokuapp.com/api/locations/521d33a01974fcdb2b0026a9","services":[{"id":"521d339f1974fcdb2b00273e","audience":"Profit
        and nonprofit businesses, the public, military facilities, schools and government
        entities","description":"[NOTE THIS IS NOT A REAL ORGANIZATION--THIS IS FOR
        TESTTING PURPOSES OF THIS ALPHA APP] Lorem ipsum dolor sit amet, consectetur
        adipiscing elit. Praesent suscipit metus eu orci lobortis dictum. In hac habitasse
        platea dictumst. Vivamus vulputate, neque ut sodales gravida, lorem nunc pharetra
        ligula, ac cursus sem justo a sapien. Duis vitae vestibulum magna. Sed vel
        augue in justo rhoncus viverra. Nam ac felis a purus lobortis porttitor sit
        amet quis est. Suspendisse vulputate nisl quis nisi fermentum aliquet euismod
        at augue. Sed ultricies, purus dapibus tristique dictum, tortor mauris porttitor
        nulla, at porta nisl sem sed dolor. Proin ac hendrerit erat. Duis porta iaculis
        orci, eu euismod quam tristique in. Phasellus nec purus sit amet sapien volutpat
        egestas.","eligibility":"None","fees":"None, except for permits and photocopying.
        Cash, checks and credit cards accepted","funding_sources":["City","County","Federal","State"],"keywords":["Ruby
        on Rails/MongoDB/Redis","FIFA World Cup"],"categories":[{"id":"52280f7a1edd37edff000137","depth":0,"oe_id":"111","name":"Legal","parent_id":null},{"id":"52280f7b1edd37edff000144","depth":1,"oe_id":"111-02","name":"Mediation","parent_id":"52280f7a1edd37edff000137"}],"how_to_apply":"Walk
        in or apply by phone or mail","name":"bazfoo","service_areas":["San Mateo
        County","Alameda County","Contra Costa County","Marin County","San Francisco
        County","Santa Clara County"],"urls":["http://www.smchealth.org","http://www.example.com","http://www.example2.com"],"wait":"No
        wait to 2 weeks","updated_at":"2013-10-14T14:51:24-07:00"},{"id":"521d339f1974fcdb2b00373e","audience":"Second
        service and nonprofit businesses, the public, military facilities, schools
        and government entities","description":"[NOTE THIS IS NOT A REAL ORGANIZATION--THIS
        IS FOR TESTTING PURPOSES OF THIS ALPHA APP] Lorem ipsum dolor sit amet, consectetur
        adipiscing elit. Praesent suscipit metus eu orci lobortis dictum. In hac habitasse
        platea dictumst. Vivamus vulputate, neque ut sodales gravida, lorem nunc pharetra
        ligula, ac cursus sem justo a sapien. Duis vitae vestibulum magna. Sed vel
        augue in justo rhoncus viverra. Nam ac felis a purus lobortis porttitor sit
        amet quis est. Suspendisse vulputate nisl quis nisi fermentum aliquet euismod
        at augue. Sed ultricies, purus dapibus tristique dictum, tortor mauris porttitor
        nulla, at porta nisl sem sed dolor. Proin ac hendrerit erat. Duis porta iaculis
        orci, eu euismod quam tristique in. Phasellus nec purus sit amet sapien volutpat
        egestas.","eligibility":"None","fees":"None, except for permits and photocopying.
        Cash, checks and credit cards accepted","funding_sources":["City","County","Federal","State"],"keywords":["Ruby
        on Rails/MongoDB/Redis","FIFA World Cup"],"categories":[{"id":"52280f7a1edd37edff000137","depth":0,"oe_id":"111","name":"Legal","parent_id":null},{"id":"52280f7b1edd37edff000144","depth":1,"oe_id":"111-02","name":"Mediation","parent_id":"52280f7a1edd37edff000137"}],"how_to_apply":"Walk
        in or apply by phone or mail","name":"hasdfasf","service_areas":["San Mateo
        County","Alameda County","Contra Costa County","Marin County","San Francisco
        County","Santa Clara County"],"urls":["http://www.example.com","http://www.example2.com"],"wait":"No
        wait to 2 weeks","updated_at":"2013-10-14T14:45:43-07:00"}],"organization":{"id":"521d339f1974fcdb2b00273d","name":"SanMaceo
        Example Agency.","slugs":["sanmaceo-example-agency"],"url":"http://ohanapi.herokuapp.com/api/organizations/521d339f1974fcdb2b00273d","locations_url":"http://ohanapi.herokuapp.com/api/organizations/521d339f1974fcdb2b00273d/locations"}}'
    http_version: 
  recorded_at: Sat, 07 Dec 2013 00:06:41 GMT
- request:
    method: get
    uri: http://ohanapi.herokuapp.com/api/search?action=index&api_token=<API_TOKEN>&controller=organizations&keyword=maceo&utf8=?
    body:
      encoding: US-ASCII
      string: ''
    headers:
      Accept:
      - application/vnd.ohanapi-v1+json
      User-Agent:
      - Ohanakapa Ruby Gem 1.0.0
      X-Api-Token:
      - <API_TOKEN>
      Accept-Encoding:
      - gzip;q=1.0,deflate;q=0.6,identity;q=0.3
  response:
    status:
      code: 200
      message: OK
    headers:
      Cache-Control:
      - max-age=0, private, must-revalidate
      Content-Type:
      - application/json
      Date:
      - Sat, 07 Dec 2013 00:06:42 GMT
      Etag:
      - '"f4d4a125e28ef91ca71da56a6c66e3ae"'
      Server:
      - nginx/1.4.3 + Phusion Passenger 4.0.23
      Status:
      - 200 OK
      X-Current-Page:
      - '1'
      X-Powered-By:
      - Phusion Passenger 4.0.23
      X-Rack-Cache:
      - miss
      X-Request-Id:
      - 1573f0a693601e17114c2d94d2269ae6
      X-Runtime:
      - '0.027661'
      X-Total-Count:
      - '1'
      X-Total-Pages:
      - '1'
      X-Ua-Compatible:
      - IE=Edge,chrome=1
      Content-Length:
      - '6621'
      Connection:
      - keep-alive
    body:
      encoding: UTF-8
      string: '[{"_id":"521d33a01974fcdb2b0026a9","_slugs":["san-maceo-agency"],"accessibility":["Disabled
        Parking","Disabled Restroom","Wheelchair"],"address":{"city":"Burlington","state":"VT","street":"2013
        Avenue of the fellows, Suite 100","zip":"05201"},"ask_for":["James Brown","Dawn
        of Midi"],"contacts":[{"_id":"5225485915e87254b8000003","name":"Suzanne Badenhoop","title":"Board
        President"}],"coordinates":[-73.111356,42.8918357],"created_at":"2013-08-27T16:17:51-07:00","description":"[NOTE
        THIS IS NOT A REAL ORGANIZATION--THIS IS FOR TESTING PURPOSES OF THIS ALPHA
        APP] Lorem ipsum dolor sit amet, consectetur adipiscing elit. Praesent suscipit
        metus eu orci lobortis dictum. In hac habitasse platea dictumst. Vivamus vulputate,
        neque ut sodales gravida, lorem nunc pharetra ligula, ac cursus sem justo
        a sapien. Duis vitae vestibulum magna. Sed vel augue in justo rhoncus viverra.
        Nam ac felis a purus lobortis porttitor sit amet quis est. Suspendisse vulputate
        nisl quis nisi fermentum aliquet euismod at augue. Sed ultricies, purus dapibus
        tristique dictum, tortor mauris porttitor nulla, at porta nisl sem sed dolor.
        Proin ac hendrerit erat. Duis porta iaculis orci, eu euismod quam tristique
        in. Phasellus nec purus sit amet sapien volutpat egestas.","emails":["sanmaceo@co.sanmaceo.ca.us","maceo@parker.com"],"faxes":[{"number":"650
        627-8244"}],"hours":"Monday-Friday, 8-5; Saturday, 10-6; Sunday 11-5","kind":"Test","languages":["Chinese
        (Cantonese)","Chinese (Taiwanese)","Filipino (Tagalog)","Russian","Spanish"],"mail_address":{"attention":"Hella
        Fellas","city":"San Maceo","state":"VT","street":"2013 Avenue of the fellows,
        Suite 100","zip":"90210"},"market_match":true,"name":"San Maceo Agency","payments_accepted":["WIC","SFMNP","SNAP"],"phones":[{"number":"650
        372-6200","hours":"(Monday-Friday, 8-5)","department":"Information","type":"TTY"},{"number":"650
        372-6200","phone_hours":"(Monday-Friday, 8-5)","department":"Reservations"}],"products_sold":["Baked
        Goods","Flowers","Herbs","Vegetables","Jams","Nuts","Prepared Food"],"short_desc":"[NOTE
        THIS IS NOT A REAL ENTRY--THIS IS FOR TESTING PURPOSES OF THIS ALPHA APP]","transportation":"SAMTRANS
        stops within 1 block","updated_at":"2013-11-07T12:44:56-08:00","urls":["http://www.smchealth.org","http://www.example.com","http://www.example2.com"],"url":"http://ohanapi.herokuapp.com/api/locations/521d33a01974fcdb2b0026a9","services":[{"_id":"521d339f1974fcdb2b00273e","audience":"Profit
        and nonprofit businesses, the public, military facilities, schools and government
        entities","description":"[NOTE THIS IS NOT A REAL ORGANIZATION--THIS IS FOR
        TESTTING PURPOSES OF THIS ALPHA APP] Lorem ipsum dolor sit amet, consectetur
        adipiscing elit. Praesent suscipit metus eu orci lobortis dictum. In hac habitasse
        platea dictumst. Vivamus vulputate, neque ut sodales gravida, lorem nunc pharetra
        ligula, ac cursus sem justo a sapien. Duis vitae vestibulum magna. Sed vel
        augue in justo rhoncus viverra. Nam ac felis a purus lobortis porttitor sit
        amet quis est. Suspendisse vulputate nisl quis nisi fermentum aliquet euismod
        at augue. Sed ultricies, purus dapibus tristique dictum, tortor mauris porttitor
        nulla, at porta nisl sem sed dolor. Proin ac hendrerit erat. Duis porta iaculis
        orci, eu euismod quam tristique in. Phasellus nec purus sit amet sapien volutpat
        egestas.","eligibility":"None","fees":"None, except for permits and photocopying.
        Cash, checks and credit cards accepted","funding_sources":["City","County","Federal","State"],"hours":"Monday-Friday,
        8-5; Saturday, 10-6; Sunday 11-5","how_to_apply":"Walk in or apply by phone
        or mail","keywords":["Ruby on Rails/MongoDB/Redis","FIFA World Cup"],"name":"bazfoo","service_areas":["San
        Mateo County","Alameda County","Contra Costa County","Marin County","San Francisco
        County","Santa Clara County"],"updated_at":"2013-10-14T14:51:24-07:00","urls":["http://www.smchealth.org","http://www.example.com","http://www.example2.com"],"wait":"No
        wait to 2 weeks","categories":[{"_id":"52280f7a1edd37edff000137","depth":0,"lft":621,"name":"Legal","oe_id":"111","parent_id":null,"rgt":654},{"_id":"52280f7b1edd37edff000144","depth":1,"lft":646,"name":"Mediation","oe_id":"111-02","parent_id":"52280f7a1edd37edff000137","rgt":647}]},{"_id":"521d339f1974fcdb2b00373e","audience":"Second
        service and nonprofit businesses, the public, military facilities, schools
        and government entities","description":"[NOTE THIS IS NOT A REAL ORGANIZATION--THIS
        IS FOR TESTTING PURPOSES OF THIS ALPHA APP] Lorem ipsum dolor sit amet, consectetur
        adipiscing elit. Praesent suscipit metus eu orci lobortis dictum. In hac habitasse
        platea dictumst. Vivamus vulputate, neque ut sodales gravida, lorem nunc pharetra
        ligula, ac cursus sem justo a sapien. Duis vitae vestibulum magna. Sed vel
        augue in justo rhoncus viverra. Nam ac felis a purus lobortis porttitor sit
        amet quis est. Suspendisse vulputate nisl quis nisi fermentum aliquet euismod
        at augue. Sed ultricies, purus dapibus tristique dictum, tortor mauris porttitor
        nulla, at porta nisl sem sed dolor. Proin ac hendrerit erat. Duis porta iaculis
        orci, eu euismod quam tristique in. Phasellus nec purus sit amet sapien volutpat
        egestas.","eligibility":"None","fees":"None, except for permits and photocopying.
        Cash, checks and credit cards accepted","funding_sources":["City","County","Federal","State"],"hours":"Monday-Friday,
        10-2","how_to_apply":"Walk in or apply by phone or mail","keywords":["Ruby
        on Rails/MongoDB/Redis","FIFA World Cup"],"name":"hasdfasf","service_areas":["San
        Mateo County","Alameda County","Contra Costa County","Marin County","San Francisco
        County","Santa Clara County"],"updated_at":"2013-10-14T14:45:43-07:00","urls":["http://www.example.com","http://www.example2.com"],"wait":"No
        wait to 2 weeks","categories":[{"_id":"52280f7a1edd37edff000137","depth":0,"lft":621,"name":"Legal","oe_id":"111","parent_id":null,"rgt":654},{"_id":"52280f7b1edd37edff000144","depth":1,"lft":646,"name":"Mediation","oe_id":"111-02","parent_id":"52280f7a1edd37edff000137","rgt":647}]}],"organization":{"_id":"521d339f1974fcdb2b00273d","_slugs":["sanmaceo-example-agency"],"created_at":"2013-08-27T16:17:51-07:00","name":"SanMaceo
        Example Agency.","updated_at":"2013-10-01T12:18:53-07:00","url":"http://ohanapi.herokuapp.com/api/organizations/521d339f1974fcdb2b00273d","locations_url":"http://ohanapi.herokuapp.com/api/organizations/521d339f1974fcdb2b00273d/locations"},"slugs":["san-maceo-agency"],"id":"521d33a01974fcdb2b0026a9","_score":0.07124143,"_type":"location","_index":"production-ohana_api","_version":null,"sort":null,"highlight":null,"_explanation":null}]'
    http_version: 
  recorded_at: Sat, 07 Dec 2013 00:06:42 GMT
recorded_with: VCR 2.5.0
